---
source: src/numerator/tests.rs
expression: g_simp.expand().to_canonical_string()
---
-16
