---
source: src/numerator/tests.rs
expression: g_simp.to_canonical_string()
---
-16*Q(4,mink(4,27))*Q(5,mink(4,27))*Q(6,mink(4,29))*Q(7,mink(4,29))*p(mink(4,2))^2*phat^-2+-16*Q(4,mink(4,27))*Q(5,mink(4,28))*Q(6,mink(4,28))*Q(7,mink(4,27))*p(mink(4,2))^2*phat^-2+-16*Q(4,mink(4,3))*Q(5,mink(4,28))*Q(6,mink(4,2))*Q(7,mink(4,28))*p(mink(4,2))*p(mink(4,3))*phat^-2+-24*Q(4,mink(4,27))*Q(5,mink(4,4))*Q(6,mink(4,4))*Q(7,mink(4,27))+-32*Q(4,mink(4,27))*Q(5,mink(4,27))*Q(6,mink(4,2))*Q(7,mink(4,2))+-32*Q(4,mink(4,27))*Q(5,mink(4,28))*Q(6,mink(4,27))*Q(7,mink(4,28))+-32*Q(4,mink(4,4))*Q(5,mink(4,4))*Q(6,mink(4,29))*Q(7,mink(4,29))+-8*Q(4,mink(4,2))*Q(5,mink(4,28))*Q(6,mink(4,28))*Q(7,mink(4,2))+-8*Q(4,mink(4,2))*Q(5,mink(4,3))*Q(6,mink(4,29))*Q(7,mink(4,29))*p(mink(4,2))*p(mink(4,3))*phat^-2+-8*Q(4,mink(4,2))*Q(5,mink(4,4))*Q(6,mink(4,3))*Q(7,mink(4,4))*p(mink(4,2))*p(mink(4,3))*phat^-2+-8*Q(4,mink(4,2))*Q(5,mink(4,4))*Q(6,mink(4,4))*Q(7,mink(4,3))*p(mink(4,2))*p(mink(4,3))*phat^-2+-8*Q(4,mink(4,27))*Q(5,mink(4,2))*Q(6,mink(4,27))*Q(7,mink(4,2))+-8*Q(4,mink(4,27))*Q(5,mink(4,2))*Q(6,mink(4,27))*Q(7,mink(4,3))*p(mink(4,2))*p(mink(4,3))*phat^-2+-8*Q(4,mink(4,27))*Q(5,mink(4,2))*Q(6,mink(4,3))*Q(7,mink(4,27))*p(mink(4,2))*p(mink(4,3))*phat^-2+-8*Q(4,mink(4,27))*Q(5,mink(4,3))*Q(6,mink(4,27))*Q(7,mink(4,2))*p(mink(4,2))*p(mink(4,3))*phat^-2+-8*Q(4,mink(4,27))*Q(5,mink(4,4))*Q(6,mink(4,27))*Q(7,mink(4,4))*p(mink(4,2))^2*phat^-2+-8*Q(4,mink(4,3))*Q(5,mink(4,4))*Q(6,mink(4,4))*Q(7,mink(4,2))*p(mink(4,2))*p(mink(4,3))*phat^-2+-8*Q(4,mink(4,4))*Q(5,mink(4,28))*Q(6,mink(4,4))*Q(7,mink(4,28))+-8*Q(4,mink(4,4))*Q(5,mink(4,4))*Q(6,mink(4,2))*Q(7,mink(4,3))*p(mink(4,2))*p(mink(4,3))*phat^-2+-8*Q(4,mink(4,4))*Q(5,mink(4,4))*Q(6,mink(4,3))*Q(7,mink(4,2))*p(mink(4,2))*p(mink(4,3))*phat^-2+16*Q(4,mink(4,2))*Q(5,mink(4,28))*Q(6,mink(4,28))*Q(7,mink(4,3))*p(mink(4,2))*p(mink(4,3))*phat^-2+16*Q(4,mink(4,2))*Q(5,mink(4,28))*Q(6,mink(4,3))*Q(7,mink(4,28))*p(mink(4,2))*p(mink(4,3))*phat^-2+16*Q(4,mink(4,27))*Q(5,mink(4,27))*Q(6,mink(4,2))*Q(7,mink(4,3))*p(mink(4,2))*p(mink(4,3))*phat^-2+16*Q(4,mink(4,27))*Q(5,mink(4,27))*Q(6,mink(4,3))*Q(7,mink(4,2))*p(mink(4,2))*p(mink(4,3))*phat^-2+16*Q(4,mink(4,27))*Q(5,mink(4,28))*Q(6,mink(4,27))*Q(7,mink(4,28))*p(mink(4,2))^2*phat^-2+16*Q(4,mink(4,3))*Q(5,mink(4,28))*Q(6,mink(4,28))*Q(7,mink(4,2))*p(mink(4,2))*p(mink(4,3))*phat^-2+16*Q(4,mink(4,4))*Q(5,mink(4,4))*Q(6,mink(4,2))*Q(7,mink(4,2))+24*Q(4,mink(4,27))*Q(5,mink(4,4))*Q(6,mink(4,27))*Q(7,mink(4,4))+32*Q(4,mink(4,27))*Q(5,mink(4,28))*Q(6,mink(4,28))*Q(7,mink(4,27))+64*Q(4,mink(4,27))*Q(5,mink(4,27))*Q(6,mink(4,29))*Q(7,mink(4,29))+8*Q(4,mink(4,2))*Q(5,mink(4,4))*Q(6,mink(4,4))*Q(7,mink(4,2))+8*Q(4,mink(4,27))*Q(5,mink(4,3))*Q(6,mink(4,2))*Q(7,mink(4,27))*p(mink(4,2))*p(mink(4,3))*phat^-2+8*Q(4,mink(4,27))*Q(5,mink(4,4))*Q(6,mink(4,4))*Q(7,mink(4,27))*p(mink(4,2))^2*phat^-2+8*Q(4,mink(4,3))*Q(5,mink(4,2))*Q(6,mink(4,29))*Q(7,mink(4,29))*p(mink(4,2))*p(mink(4,3))*phat^-2+8*Q(4,mink(4,3))*Q(5,mink(4,4))*Q(6,mink(4,2))*Q(7,mink(4,4))*p(mink(4,2))*p(mink(4,3))*phat^-2+8*Q(4,mink(4,4))*Q(5,mink(4,2))*Q(6,mink(4,4))*Q(7,mink(4,2))+8*Q(4,mink(4,4))*Q(5,mink(4,28))*Q(6,mink(4,28))*Q(7,mink(4,4))+8*Q(4,mink(4,4))*Q(5,mink(4,4))*Q(6,mink(4,29))*Q(7,mink(4,29))*p(mink(4,2))^2*phat^-2
