---
source: src/feyngen/test.rs
expression: diagrams.len()
---
11
