---
source: src/feyngen/test.rs
expression: dots
---

