---
source: src/uv/tests.rs
expression: cycles
---
[
  NestingNode(
    internal_graph: SubGraph(
      filter: BitSeq(
        order: "bitvec::order::Lsb0",
        head: BitIdx(
          width: 64,
          index: 0,
        ),
        bits: 15,
        data: [
          15,
        ],
      ),
    ),
    externalhedges: BitSeq(
      order: "bitvec::order::Lsb0",
      head: BitIdx(
        width: 64,
        index: 0,
      ),
      bits: 15,
      data: [
        17392,
      ],
    ),
  ),
  NestingNode(
    internal_graph: SubGraph(
      filter: BitSeq(
        order: "bitvec::order::Lsb0",
        head: BitIdx(
          width: 64,
          index: 0,
        ),
        bits: 15,
        data: [
          51,
        ],
      ),
    ),
    externalhedges: BitSeq(
      order: "bitvec::order::Lsb0",
      head: BitIdx(
        width: 64,
        index: 0,
      ),
      bits: 15,
      data: [
        17356,
      ],
    ),
  ),
  NestingNode(
    internal_graph: SubGraph(
      filter: BitSeq(
        order: "bitvec::order::Lsb0",
        head: BitIdx(
          width: 64,
          index: 0,
        ),
        bits: 15,
        data: [
          32259,
        ],
      ),
    ),
    externalhedges: BitSeq(
      order: "bitvec::order::Lsb0",
      head: BitIdx(
        width: 64,
        index: 0,
      ),
      bits: 15,
      data: [
        508,
      ],
    ),
  ),
]
